Release 14.7 - xst P.20131013 (nt64)
Copyright (c) 1995-2013 Xilinx, Inc.  All rights reserved.
--> Parameter TMPDIR set to xst/projnav.tmp


Total REAL time to Xst completion: 0.00 secs
Total CPU time to Xst completion: 0.17 secs
 
--> Parameter xsthdpdir set to xst


Total REAL time to Xst completion: 0.00 secs
Total CPU time to Xst completion: 0.17 secs
 
--> Reading design: multiplication.prj

TABLE OF CONTENTS
  1) Synthesis Options Summary
  2) HDL Compilation
  3) Design Hierarchy Analysis
  4) HDL Analysis
  5) HDL Synthesis
     5.1) HDL Synthesis Report
  6) Advanced HDL Synthesis
     6.1) Advanced HDL Synthesis Report
  7) Low Level Synthesis
  8) Partition Report
  9) Final Report
	9.1) Device utilization summary
	9.2) Partition Resource Summary
	9.3) TIMING REPORT


=========================================================================
*                      Synthesis Options Summary                        *
=========================================================================
---- Source Parameters
Input File Name                    : "multiplication.prj"
Input Format                       : mixed
Ignore Synthesis Constraint File   : NO

---- Target Parameters
Output File Name                   : "multiplication"
Output Format                      : NGC
Target Device                      : xc3s1000-4-ft256

---- Source Options
Top Module Name                    : multiplication
Automatic FSM Extraction           : YES
FSM Encoding Algorithm             : Auto
Safe Implementation                : No
FSM Style                          : LUT
RAM Extraction                     : Yes
RAM Style                          : Auto
ROM Extraction                     : Yes
Mux Style                          : Auto
Decoder Extraction                 : YES
Priority Encoder Extraction        : Yes
Shift Register Extraction          : YES
Logical Shifter Extraction         : YES
XOR Collapsing                     : YES
ROM Style                          : Auto
Mux Extraction                     : Yes
Resource Sharing                   : YES
Asynchronous To Synchronous        : NO
Multiplier Style                   : Auto
Automatic Register Balancing       : No

---- Target Options
Add IO Buffers                     : YES
Global Maximum Fanout              : 100000
Add Generic Clock Buffer(BUFG)     : 8
Register Duplication               : YES
Slice Packing                      : YES
Optimize Instantiated Primitives   : NO
Use Clock Enable                   : Yes
Use Synchronous Set                : Yes
Use Synchronous Reset              : Yes
Pack IO Registers into IOBs        : Auto
Equivalent register Removal        : YES

---- General Options
Optimization Goal                  : Speed
Optimization Effort                : 1
Keep Hierarchy                     : No
Netlist Hierarchy                  : As_Optimized
RTL Output                         : Yes
Global Optimization                : AllClockNets
Read Cores                         : YES
Write Timing Constraints           : NO
Cross Clock Analysis               : NO
Hierarchy Separator                : /
Bus Delimiter                      : <>
Case Specifier                     : Maintain
Slice Utilization Ratio            : 100
BRAM Utilization Ratio             : 100
Verilog 2001                       : YES
Auto BRAM Packing                  : NO
Slice Utilization Ratio Delta      : 5

=========================================================================


=========================================================================
*                          HDL Compilation                              *
=========================================================================
Compiling vhdl file "C:/Users/jeanw/Desktop/VHDL/vhdl-calculator/register.vhd" in Library work.
Architecture behavioral of Entity reg is up to date.
Compiling vhdl file "C:/Users/jeanw/Desktop/VHDL/vhdl-calculator/commutator.vhd" in Library work.
Architecture behavioral of Entity commutator is up to date.
Compiling vhdl file "C:/Users/jeanw/Desktop/VHDL/vhdl-calculator/adder.vhd" in Library work.
Architecture behavioral of Entity adder is up to date.
Compiling vhdl file "C:/Users/jeanw/Desktop/VHDL/vhdl-calculator/comparator_equal.vhd" in Library work.
Architecture behavioral of Entity comparator_equal is up to date.
Compiling vhdl file "C:/Users/jeanw/Desktop/VHDL/vhdl-calculator/mult_cb.vhd" in Library work.
Architecture behavioral of Entity mult_cb is up to date.
Compiling vhdl file "C:/Users/jeanw/Desktop/VHDL/vhdl-calculator/mult_ob.vhd" in Library work.
Architecture behavioral of Entity mult_ob is up to date.
Compiling vhdl file "C:/Users/jeanw/Desktop/VHDL/vhdl-calculator/multiplication.vhd" in Library work.
Architecture behavioral of Entity multiplication is up to date.

=========================================================================
*                     Design Hierarchy Analysis                         *
=========================================================================
Analyzing hierarchy for entity <multiplication> in library <work> (architecture <behavioral>).

Analyzing hierarchy for entity <mult_cb> in library <work> (architecture <behavioral>).

Analyzing hierarchy for entity <mult_ob> in library <work> (architecture <behavioral>).

Analyzing hierarchy for entity <reg> in library <work> (architecture <behavioral>).

Analyzing hierarchy for entity <commutator> in library <work> (architecture <behavioral>).

Analyzing hierarchy for entity <adder> in library <work> (architecture <behavioral>).

Analyzing hierarchy for entity <comparator_equal> in library <work> (architecture <behavioral>).


=========================================================================
*                            HDL Analysis                               *
=========================================================================
Analyzing Entity <multiplication> in library <work> (Architecture <behavioral>).
Entity <multiplication> analyzed. Unit <multiplication> generated.

Analyzing Entity <mult_cb> in library <work> (Architecture <behavioral>).
WARNING:Xst:819 - "C:/Users/jeanw/Desktop/VHDL/vhdl-calculator/mult_cb.vhd" line 68: One or more signals are missing in the process sensitivity list. To enable synthesis of FPGA/CPLD hardware, XST will assume that all necessary signals are present in the sensitivity list. Please note that the result of the synthesis may differ from the initial design specification. The missing signals are:
   <temp_result>, <ready>
Entity <mult_cb> analyzed. Unit <mult_cb> generated.

Analyzing Entity <mult_ob> in library <work> (Architecture <behavioral>).
INFO:Xst:1739 - HDL ADVISOR - "C:/Users/jeanw/Desktop/VHDL/vhdl-calculator/mult_ob.vhd" line 9: declaration of a buffer port will make it difficult for you to validate this design by simulation. It is preferable to declare it as output.
INFO:Xst:1739 - HDL ADVISOR - "C:/Users/jeanw/Desktop/VHDL/vhdl-calculator/mult_ob.vhd" line 9: declaration of a buffer port will make it difficult for you to validate this design by simulation. It is preferable to declare it as output.
INFO:Xst:1739 - HDL ADVISOR - "C:/Users/jeanw/Desktop/VHDL/vhdl-calculator/mult_ob.vhd" line 9: declaration of a buffer port will make it difficult for you to validate this design by simulation. It is preferable to declare it as output.
INFO:Xst:1739 - HDL ADVISOR - "C:/Users/jeanw/Desktop/VHDL/vhdl-calculator/mult_ob.vhd" line 9: declaration of a buffer port will make it difficult for you to validate this design by simulation. It is preferable to declare it as output.
Entity <mult_ob> analyzed. Unit <mult_ob> generated.

Analyzing Entity <reg> in library <work> (Architecture <behavioral>).
Entity <reg> analyzed. Unit <reg> generated.

Analyzing Entity <commutator> in library <work> (Architecture <behavioral>).
Entity <commutator> analyzed. Unit <commutator> generated.

Analyzing Entity <adder> in library <work> (Architecture <behavioral>).
Entity <adder> analyzed. Unit <adder> generated.

Analyzing Entity <comparator_equal> in library <work> (Architecture <behavioral>).
Entity <comparator_equal> analyzed. Unit <comparator_equal> generated.


=========================================================================
*                           HDL Synthesis                               *
=========================================================================

Performing bidirectional port resolution...

Synthesizing Unit <mult_cb>.
    Related source file is "C:/Users/jeanw/Desktop/VHDL/vhdl-calculator/mult_cb.vhd".
    Found finite state machine <FSM_0> for signal <estado>.
    -----------------------------------------------------------------------
    | States             | 5                                              |
    | Transitions        | 7                                              |
    | Inputs             | 2                                              |
    | Outputs            | 6                                              |
    | Clock              | clock                     (rising_edge)        |
    | Reset              | reset                     (positive)           |
    | Reset type         | asynchronous                                   |
    | Reset State        | idle                                           |
    | Power Up State     | idle                                           |
    | Encoding           | automatic                                      |
    | Implementation     | LUT                                            |
    -----------------------------------------------------------------------
    Summary:
	inferred   1 Finite State Machine(s).
Unit <mult_cb> synthesized.


Synthesizing Unit <reg>.
    Related source file is "C:/Users/jeanw/Desktop/VHDL/vhdl-calculator/register.vhd".
    Found 8-bit register for signal <stored>.
    Summary:
	inferred   8 D-type flip-flop(s).
Unit <reg> synthesized.


Synthesizing Unit <commutator>.
    Related source file is "C:/Users/jeanw/Desktop/VHDL/vhdl-calculator/commutator.vhd".
    Found 8-bit comparator greater for signal <l$cmp_gt0000> created at line 15.
    Found 8-bit comparator less for signal <r$cmp_lt0000> created at line 16.
    Summary:
	inferred   2 Comparator(s).
Unit <commutator> synthesized.


Synthesizing Unit <adder>.
    Related source file is "C:/Users/jeanw/Desktop/VHDL/vhdl-calculator/adder.vhd".
    Found 8-bit adder for signal <s>.
    Summary:
	inferred   1 Adder/Subtractor(s).
Unit <adder> synthesized.


Synthesizing Unit <comparator_equal>.
    Related source file is "C:/Users/jeanw/Desktop/VHDL/vhdl-calculator/comparator_equal.vhd".
    Found 8-bit comparator equal for signal <result$cmp_eq0000> created at line 14.
    Summary:
	inferred   1 Comparator(s).
Unit <comparator_equal> synthesized.


Synthesizing Unit <mult_ob>.
    Related source file is "C:/Users/jeanw/Desktop/VHDL/vhdl-calculator/mult_ob.vhd".
Unit <mult_ob> synthesized.


Synthesizing Unit <multiplication>.
    Related source file is "C:/Users/jeanw/Desktop/VHDL/vhdl-calculator/multiplication.vhd".
Unit <multiplication> synthesized.


=========================================================================
HDL Synthesis Report

Macro Statistics
# Adders/Subtractors                                   : 2
 8-bit adder                                           : 2
# Registers                                            : 4
 8-bit register                                        : 4
# Comparators                                          : 3
 8-bit comparator equal                                : 1
 8-bit comparator greater                              : 1
 8-bit comparator less                                 : 1

=========================================================================

=========================================================================
*                       Advanced HDL Synthesis                          *
=========================================================================

Analyzing FSM <FSM_0> for best encoding.
Optimizing FSM <control/estado/FSM> on signal <estado[1:3]> with gray encoding.
-----------------------
 State     | Encoding
-----------------------
 idle      | 000
 configure | 001
 check     | 011
 multiply  | 110
 display   | 010
-----------------------

=========================================================================
Advanced HDL Synthesis Report

Macro Statistics
# FSMs                                                 : 1
# Adders/Subtractors                                   : 2
 8-bit adder                                           : 2
# Registers                                            : 32
 Flip-Flops                                            : 32
# Comparators                                          : 3
 8-bit comparator equal                                : 1
 8-bit comparator greater                              : 1
 8-bit comparator less                                 : 1

=========================================================================

=========================================================================
*                         Low Level Synthesis                           *
=========================================================================

Optimizing unit <multiplication> ...

Optimizing unit <reg> ...

Optimizing unit <commutator> ...

Optimizing unit <mult_ob> ...

Mapping all equations...
Building and optimizing final netlist ...
Found area constraint ratio of 100 (+ 5) on block multiplication, actual ratio is 0.

Final Macro Processing ...

=========================================================================
Final Register Report

Macro Statistics
# Registers                                            : 35
 Flip-Flops                                            : 35

=========================================================================

=========================================================================
*                           Partition Report                            *
=========================================================================

Partition Implementation Status
-------------------------------

  No Partitions were found in this design.

-------------------------------

=========================================================================
*                            Final Report                               *
=========================================================================
Final Results
RTL Top Level Output File Name     : multiplication.ngr
Top Level Output File Name         : multiplication
Output Format                      : NGC
Optimization Goal                  : Speed
Keep Hierarchy                     : No

Design Statistics
# IOs                              : 28

Cell Usage :
# BELS                             : 86
#      GND                         : 1
#      INV                         : 2
#      LUT2                        : 22
#      LUT3                        : 3
#      LUT4                        : 24
#      MUXCY                       : 23
#      MUXF5                       : 2
#      VCC                         : 1
#      XORCY                       : 8
# FlipFlops/Latches                : 35
#      FDC                         : 3
#      FDCE                        : 32
# Clock Buffers                    : 1
#      BUFGP                       : 1
# IO Buffers                       : 27
#      IBUF                        : 18
#      OBUF                        : 9
=========================================================================

Device utilization summary:
---------------------------

Selected Device : 3s1000ft256-4 

 Number of Slices:                       29  out of   7680     0%  
 Number of Slice Flip Flops:             35  out of  15360     0%  
 Number of 4 input LUTs:                 51  out of  15360     0%  
 Number of IOs:                          28
 Number of bonded IOBs:                  28  out of    173    16%  
 Number of GCLKs:                         1  out of      8    12%  

---------------------------
Partition Resource Summary:
---------------------------

  No Partitions were found in this design.

---------------------------


=========================================================================
TIMING REPORT

NOTE: THESE TIMING NUMBERS ARE ONLY A SYNTHESIS ESTIMATE.
      FOR ACCURATE TIMING INFORMATION PLEASE REFER TO THE TRACE REPORT
      GENERATED AFTER PLACE-and-ROUTE.

Clock Information:
------------------
-----------------------------------+------------------------+-------+
Clock Signal                       | Clock buffer(FF name)  | Load  |
-----------------------------------+------------------------+-------+
clock                              | BUFGP                  | 35    |
-----------------------------------+------------------------+-------+

Asynchronous Control Signals Information:
----------------------------------------
-----------------------------------------------+---------------------------------------+-------+
Control Signal                                 | Buffer(FF name)                       | Load  |
-----------------------------------------------+---------------------------------------+-------+
reset_base(control/estado_FSM_Out01:O)         | NONE(operational/base_reg/stored_0)   | 16    |
reset_counter(control/estado_FSM_Out51_INV_0:O)| NONE(operational/counter_reg/stored_0)| 16    |
reset                                          | IBUF                                  | 3     |
-----------------------------------------------+---------------------------------------+-------+

Timing Summary:
---------------
Speed Grade: -4

   Minimum period: 7.365ns (Maximum Frequency: 135.777MHz)
   Minimum input arrival time before clock: 2.444ns
   Maximum output required time after clock: 13.348ns
   Maximum combinational path delay: No path found

Timing Detail:
--------------
All values displayed in nanoseconds (ns)

=========================================================================
Timing constraint: Default period analysis for Clock 'clock'
  Clock period: 7.365ns (frequency: 135.777MHz)
  Total number of paths / destination ports: 1164 / 51
-------------------------------------------------------------------------
Delay:               7.365ns (Levels of Logic = 18)
  Source:            operational/times_reg/stored_0 (FF)
  Destination:       operational/result_reg/stored_7 (FF)
  Source Clock:      clock rising
  Destination Clock: clock rising

  Data Path: operational/times_reg/stored_0 to operational/result_reg/stored_7
                                Gate     Net
    Cell:in->out      fanout   Delay   Delay  Logical Name (Net Name)
    ----------------------------------------  ------------
     FDCE:C->Q             4   0.720   1.256  operational/times_reg/stored_0 (operational/times_reg/stored_0)
     LUT2:I0->O            1   0.551   0.000  operational/commut/Mcompar_l_cmp_gt0000_lut<0> (operational/commut/Mcompar_l_cmp_gt0000_lut<0>)
     MUXCY:S->O            1   0.500   0.000  operational/commut/Mcompar_l_cmp_gt0000_cy<0> (operational/commut/Mcompar_l_cmp_gt0000_cy<0>)
     MUXCY:CI->O           1   0.064   0.000  operational/commut/Mcompar_l_cmp_gt0000_cy<1> (operational/commut/Mcompar_l_cmp_gt0000_cy<1>)
     MUXCY:CI->O           1   0.064   0.000  operational/commut/Mcompar_l_cmp_gt0000_cy<2> (operational/commut/Mcompar_l_cmp_gt0000_cy<2>)
     MUXCY:CI->O           1   0.064   0.000  operational/commut/Mcompar_l_cmp_gt0000_cy<3> (operational/commut/Mcompar_l_cmp_gt0000_cy<3>)
     MUXCY:CI->O           1   0.064   0.000  operational/commut/Mcompar_l_cmp_gt0000_cy<4> (operational/commut/Mcompar_l_cmp_gt0000_cy<4>)
     MUXCY:CI->O           1   0.064   0.000  operational/commut/Mcompar_l_cmp_gt0000_cy<5> (operational/commut/Mcompar_l_cmp_gt0000_cy<5>)
     MUXCY:CI->O           1   0.064   0.000  operational/commut/Mcompar_l_cmp_gt0000_cy<6> (operational/commut/Mcompar_l_cmp_gt0000_cy<6>)
     MUXCY:CI->O           8   0.303   1.109  operational/commut/Mcompar_l_cmp_gt0000_cy<7> (operational/commut/Mcompar_l_cmp_gt0000_cy<7>)
     LUT4:I3->O            1   0.551   0.000  operational/add_result/Madd_s_lut<0> (operational/add_result/Madd_s_lut<0>)
     MUXCY:S->O            1   0.500   0.000  operational/add_result/Madd_s_cy<0> (operational/add_result/Madd_s_cy<0>)
     MUXCY:CI->O           1   0.064   0.000  operational/add_result/Madd_s_cy<1> (operational/add_result/Madd_s_cy<1>)
     MUXCY:CI->O           1   0.064   0.000  operational/add_result/Madd_s_cy<2> (operational/add_result/Madd_s_cy<2>)
     MUXCY:CI->O           1   0.064   0.000  operational/add_result/Madd_s_cy<3> (operational/add_result/Madd_s_cy<3>)
     MUXCY:CI->O           1   0.064   0.000  operational/add_result/Madd_s_cy<4> (operational/add_result/Madd_s_cy<4>)
     MUXCY:CI->O           1   0.064   0.000  operational/add_result/Madd_s_cy<5> (operational/add_result/Madd_s_cy<5>)
     MUXCY:CI->O           0   0.064   0.000  operational/add_result/Madd_s_cy<6> (operational/add_result/Madd_s_cy<6>)
     XORCY:CI->O           1   0.904   0.000  operational/add_result/Madd_s_xor<7> (operational/adder_val<7>)
     FDCE:D                    0.203          operational/result_reg/stored_7
    ----------------------------------------
    Total                      7.365ns (5.000ns logic, 2.365ns route)
                                       (67.9% logic, 32.1% route)

=========================================================================
Timing constraint: Default OFFSET IN BEFORE for Clock 'clock'
  Total number of paths / destination ports: 17 / 17
-------------------------------------------------------------------------
Offset:              2.444ns (Levels of Logic = 2)
  Source:            start (PAD)
  Destination:       control/estado_FSM_FFd3 (FF)
  Destination Clock: clock rising

  Data Path: start to control/estado_FSM_FFd3
                                Gate     Net
    Cell:in->out      fanout   Delay   Delay  Logical Name (Net Name)
    ----------------------------------------  ------------
     IBUF:I->O             1   0.821   0.869  start_IBUF (start_IBUF)
     LUT4:I2->O            1   0.551   0.000  control/estado_FSM_FFd3-In1 (control/estado_FSM_FFd3-In)
     FDC:D                     0.203          control/estado_FSM_FFd3
    ----------------------------------------
    Total                      2.444ns (1.575ns logic, 0.869ns route)
                                       (64.4% logic, 35.6% route)

=========================================================================
Timing constraint: Default OFFSET OUT AFTER for Clock 'clock'
  Total number of paths / destination ports: 67 / 9
-------------------------------------------------------------------------
Offset:              13.348ns (Levels of Logic = 12)
  Source:            operational/base_reg/stored_0 (FF)
  Destination:       ready (PAD)
  Source Clock:      clock rising

  Data Path: operational/base_reg/stored_0 to ready
                                Gate     Net
    Cell:in->out      fanout   Delay   Delay  Logical Name (Net Name)
    ----------------------------------------  ------------
     FDCE:C->Q             4   0.720   1.256  operational/base_reg/stored_0 (operational/base_reg/stored_0)
     LUT2:I0->O            1   0.551   0.000  operational/commut/Mcompar_r_cmp_lt0000_lut<0> (operational/commut/Mcompar_r_cmp_lt0000_lut<0>)
     MUXCY:S->O            1   0.500   0.000  operational/commut/Mcompar_r_cmp_lt0000_cy<0> (operational/commut/Mcompar_r_cmp_lt0000_cy<0>)
     MUXCY:CI->O           1   0.064   0.000  operational/commut/Mcompar_r_cmp_lt0000_cy<1> (operational/commut/Mcompar_r_cmp_lt0000_cy<1>)
     MUXCY:CI->O           1   0.064   0.000  operational/commut/Mcompar_r_cmp_lt0000_cy<2> (operational/commut/Mcompar_r_cmp_lt0000_cy<2>)
     MUXCY:CI->O           1   0.064   0.000  operational/commut/Mcompar_r_cmp_lt0000_cy<3> (operational/commut/Mcompar_r_cmp_lt0000_cy<3>)
     MUXCY:CI->O           1   0.064   0.000  operational/commut/Mcompar_r_cmp_lt0000_cy<4> (operational/commut/Mcompar_r_cmp_lt0000_cy<4>)
     MUXCY:CI->O           1   0.064   0.000  operational/commut/Mcompar_r_cmp_lt0000_cy<5> (operational/commut/Mcompar_r_cmp_lt0000_cy<5>)
     MUXCY:CI->O           1   0.064   0.000  operational/commut/Mcompar_r_cmp_lt0000_cy<6> (operational/commut/Mcompar_r_cmp_lt0000_cy<6>)
     MUXCY:CI->O           1   0.303   0.801  operational/commut/Mcompar_r_cmp_lt0000_cy<7> (operational/commut/Mcompar_r_cmp_lt0000_cy<7>)
     MUXF5:S->O            2   0.621   1.216  operational/ready8136 (mult_ready)
     LUT4:I0->O            1   0.551   0.801  control/operation_ready1 (ready_OBUF)
     OBUF:I->O                 5.644          ready_OBUF (ready)
    ----------------------------------------
    Total                     13.348ns (9.274ns logic, 4.074ns route)
                                       (69.5% logic, 30.5% route)

=========================================================================


Total REAL time to Xst completion: 5.00 secs
Total CPU time to Xst completion: 4.58 secs
 
--> 

Total memory usage is 4536524 kilobytes

Number of errors   :    0 (   0 filtered)
Number of warnings :    1 (   0 filtered)
Number of infos    :    4 (   0 filtered)

