EN div_cb NULL C:/Users/jeanw/Desktop/VHDL/vhdl-calculator/div_cb.vhd sub00/vhpl20 1574043973
AR mux_2bits behavioral C:/Users/jeanw/Desktop/VHDL/vhdl-calculator/mux_2bits.vhd sub00/vhpl33 1574043986
EN register_bank NULL C:/Users/jeanw/Desktop/VHDL/vhdl-calculator/register_bank.vhd sub00/vhpl38 1574043993
AR mult_ob behavioral C:/Users/jeanw/Desktop/VHDL/vhdl-calculator/mult_ob.vhd sub00/vhpl30 1574043980
AR mult_cb behavioral C:/Users/jeanw/Desktop/VHDL/vhdl-calculator/mult_cb.vhd sub00/vhpl28 1574043978
AR register_bank behavioral C:/Users/jeanw/Desktop/VHDL/vhdl-calculator/register_bank.vhd sub00/vhpl39 1574043994
EN adder NULL C:/Users/jeanw/Desktop/VHDL/vhdl-calculator/adder.vhd sub00/vhpl04 1574043967
AR mux behavioral C:/Users/jeanw/Desktop/VHDL/vhdl-calculator/mux.vhd sub00/vhpl23 1574043962
AR commutator behavioral C:/Users/jeanw/Desktop/VHDL/vhdl-calculator/commutator.vhd sub00/vhpl03 1574043970
EN division NULL C:/Users/jeanw/Desktop/VHDL/vhdl-calculator/division.vhd sub00/vhpl26 1574043983
AR reg behavioral C:/Users/jeanw/Desktop/VHDL/vhdl-calculator/register.vhd sub00/vhpl01 1574043960
EN multiplication NULL C:/Users/jeanw/Desktop/VHDL/vhdl-calculator/multiplication.vhd sub00/vhpl12 1574043981
EN lau_block NULL C:/Users/jeanw/Desktop/VHDL/vhdl-calculator/lau_block.vhd sub00/vhpl46 1574043999
EN mult_cb NULL C:/Users/jeanw/Desktop/VHDL/vhdl-calculator/mult_cb.vhd sub00/vhpl27 1574043977
AR multiplication behavioral C:/Users/jeanw/Desktop/VHDL/vhdl-calculator/multiplication.vhd sub00/vhpl13 1574043982
EN control_block NULL C:/Users/jeanw/Desktop/VHDL/alu-csm-pow/control_block.vhd sub00/vhpl10 1573422787
EN lau_ob NULL C:/Users/jeanw/Desktop/VHDL/vhdl-calculator/lau_ob.vhd sub00/vhpl34 1574043995
EN commutator NULL C:/Users/jeanw/Desktop/VHDL/vhdl-calculator/commutator.vhd sub00/vhpl02 1574043969
EN div_ob NULL C:/Users/jeanw/Desktop/VHDL/vhdl-calculator/div_ob.vhd sub00/vhpl24 1574043975
EN subtractor NULL C:/Users/jeanw/Desktop/VHDL/vhdl-calculator/subtractor.vhd sub00/vhpl14 1574043963
AR demux_3bits behavioral C:/Users/jeanw/Desktop/VHDL/vhdl-calculator/demux_3bits.vhd sub00/vhpl41 1574043988
AR division behavioral C:/Users/jeanw/Desktop/VHDL/vhdl-calculator/division.vhd sub00/vhpl31 1574043984
AR comparator_equal behavioral C:/Users/jeanw/Desktop/VHDL/vhdl-calculator/comparator_equal.vhd sub00/vhpl07 1574043972
AR mux_3bits behavioral C:/Users/jeanw/Desktop/VHDL/vhdl-calculator/mux_3bits.vhd sub00/vhpl37 1574043990
EN mult_ob NULL C:/Users/jeanw/Desktop/VHDL/vhdl-calculator/mult_ob.vhd sub00/vhpl29 1574043979
EN comparator_zero NULL C:/Users/jeanw/Desktop/VHDL/vhdl-calculator/comparator_zero.vhd sub00/vhpl16 1574043965
EN memory NULL C:/Users/jeanw/Desktop/VHDL/vhdl-calculator/memory.vhd sub00/vhpl44 1574043991
AR div_ob behavioral C:/Users/jeanw/Desktop/VHDL/vhdl-calculator/div_ob.vhd sub00/vhpl25 1574043976
AR div_cb behavioral C:/Users/jeanw/Desktop/VHDL/vhdl-calculator/div_cb.vhd sub00/vhpl21 1574043974
AR comparator_zero behavioral C:/Users/jeanw/Desktop/VHDL/vhdl-calculator/comparator_zero.vhd sub00/vhpl17 1574043966
EN mux_2bits NULL C:/Users/jeanw/Desktop/VHDL/vhdl-calculator/mux_2bits.vhd sub00/vhpl32 1574043985
AR lau_block behavioral C:/Users/jeanw/Desktop/VHDL/vhdl-calculator/lau_block.vhd sub00/vhpl47 1574044000
AR memory behavioral C:/Users/jeanw/Desktop/VHDL/vhdl-calculator/memory.vhd sub00/vhpl45 1574043992
AR subtractor behavioral C:/Users/jeanw/Desktop/VHDL/vhdl-calculator/subtractor.vhd sub00/vhpl15 1574043964
AR lau_ob behavioral C:/Users/jeanw/Desktop/VHDL/vhdl-calculator/lau_ob.vhd sub00/vhpl35 1574043996
AR control_block behavioral C:/Users/jeanw/Desktop/VHDL/alu-csm-pow/control_block.vhd sub00/vhpl11 1573422788
AR lau_cb behavioral C:/Users/jeanw/Desktop/VHDL/vhdl-calculator/lau_cb.vhd sub00/vhpl43 1574043998
EN comparator_equal NULL C:/Users/jeanw/Desktop/VHDL/vhdl-calculator/comparator_equal.vhd sub00/vhpl06 1574043971
EN div_block NULL C:/Users/jeanw/Desktop/VHDL/vhdl-calculator/div_block.vhd sub00/vhpl18 1573428334
AR adder behavioral C:/Users/jeanw/Desktop/VHDL/vhdl-calculator/adder.vhd sub00/vhpl05 1574043968
EN mux NULL C:/Users/jeanw/Desktop/VHDL/vhdl-calculator/mux.vhd sub00/vhpl22 1574043961
AR mult_block behavioral C:/Users/jeanw/Desktop/VHDL/vhdl-calculator/mult_block.vhd sub00/vhpl09 1573422790
AR div_block behavioral C:/Users/jeanw/Desktop/VHDL/vhdl-calculator/div_block.vhd sub00/vhpl19 1573428335
EN mult_block NULL C:/Users/jeanw/Desktop/VHDL/vhdl-calculator/mult_block.vhd sub00/vhpl08 1573422789
EN mux_3bits NULL C:/Users/jeanw/Desktop/VHDL/vhdl-calculator/mux_3bits.vhd sub00/vhpl36 1574043989
EN demux_3bits NULL C:/Users/jeanw/Desktop/VHDL/vhdl-calculator/demux_3bits.vhd sub00/vhpl40 1574043987
EN reg NULL C:/Users/jeanw/Desktop/VHDL/vhdl-calculator/register.vhd sub00/vhpl00 1574043959
EN lau_cb NULL C:/Users/jeanw/Desktop/VHDL/vhdl-calculator/lau_cb.vhd sub00/vhpl42 1574043997
