EN adder NULL C:/Users/jeanw/Desktop/VHDL/vhdl-calculator/adder.vhd sub00/vhpl04 1573428330
AR commutator behavioral C:/Users/jeanw/Desktop/VHDL/vhdl-calculator/commutator.vhd sub00/vhpl03 1573422782
AR reg behavioral C:/Users/jeanw/Desktop/VHDL/vhdl-calculator/register.vhd sub00/vhpl01 1573428327
EN multiplication NULL C:/Users/jeanw/Desktop/VHDL/alu-csm-pow/MAIN_BLOCK.vhd sub00/vhpl12 1573422791
AR multiplication behavioral C:/Users/jeanw/Desktop/VHDL/alu-csm-pow/MAIN_BLOCK.vhd sub00/vhpl13 1573422792
EN control_block NULL C:/Users/jeanw/Desktop/VHDL/alu-csm-pow/control_block.vhd sub00/vhpl10 1573422787
EN commutator NULL C:/Users/jeanw/Desktop/VHDL/vhdl-calculator/commutator.vhd sub00/vhpl02 1573422781
EN subtractor NULL C:/Users/jeanw/Desktop/VHDL/vhdl-calculator/subtractor.vhd sub00/vhpl14 1573428328
AR comparator_equal behavioral C:/Users/jeanw/Desktop/VHDL/vhdl-calculator/comparator_equal.vhd sub00/vhpl07 1573422786
EN comparator_zero NULL C:/Users/jeanw/Desktop/VHDL/vhdl-calculator/comparator_zero.vhd sub00/vhpl16 1573428332
AR comparator_zero behavioral C:/Users/jeanw/Desktop/VHDL/vhdl-calculator/comparator_zero.vhd sub00/vhpl17 1573428333
AR subtractor behavioral C:/Users/jeanw/Desktop/VHDL/vhdl-calculator/subtractor.vhd sub00/vhpl15 1573428329
AR control_block behavioral C:/Users/jeanw/Desktop/VHDL/alu-csm-pow/control_block.vhd sub00/vhpl11 1573422788
EN comparator_equal NULL C:/Users/jeanw/Desktop/VHDL/vhdl-calculator/comparator_equal.vhd sub00/vhpl06 1573422785
EN div_block NULL C:/Users/jeanw/Desktop/VHDL/vhdl-calculator/div_block.vhd sub00/vhpl18 1573428334
AR adder behavioral C:/Users/jeanw/Desktop/VHDL/vhdl-calculator/adder.vhd sub00/vhpl05 1573428331
AR mult_block behavioral C:/Users/jeanw/Desktop/VHDL/vhdl-calculator/mult_block.vhd sub00/vhpl09 1573422790
AR div_block behavioral C:/Users/jeanw/Desktop/VHDL/vhdl-calculator/div_block.vhd sub00/vhpl19 1573428335
EN mult_block NULL C:/Users/jeanw/Desktop/VHDL/vhdl-calculator/mult_block.vhd sub00/vhpl08 1573422789
EN reg NULL C:/Users/jeanw/Desktop/VHDL/vhdl-calculator/register.vhd sub00/vhpl00 1573428326
