EN div_cb NULL C:/Users/jeanw/Desktop/VHDL/vhdl-calculator/div_cb.vhd sub00/vhpl20 1573442257
EN adder NULL C:/Users/jeanw/Desktop/VHDL/vhdl-calculator/adder.vhd sub00/vhpl04 1573442253
AR mux behavioral C:/Users/jeanw/Desktop/VHDL/vhdl-calculator/mux.vhd sub00/vhpl23 1573442250
AR commutator behavioral C:/Users/jeanw/Desktop/VHDL/vhdl-calculator/commutator.vhd sub00/vhpl03 1573422782
EN division NULL C:/Users/jeanw/Desktop/VHDL/vhdl-calculator/division.vhd sub00/vhpl26 1573442205
AR reg behavioral C:/Users/jeanw/Desktop/VHDL/vhdl-calculator/register.vhd sub00/vhpl01 1573442248
EN multiplication NULL C:/Users/jeanw/Desktop/VHDL/alu-csm-pow/MAIN_BLOCK.vhd sub00/vhpl12 1573422791
AR multiplication behavioral C:/Users/jeanw/Desktop/VHDL/alu-csm-pow/MAIN_BLOCK.vhd sub00/vhpl13 1573422792
EN control_block NULL C:/Users/jeanw/Desktop/VHDL/alu-csm-pow/control_block.vhd sub00/vhpl10 1573422787
EN commutator NULL C:/Users/jeanw/Desktop/VHDL/vhdl-calculator/commutator.vhd sub00/vhpl02 1573422781
EN div_ob NULL C:/Users/jeanw/Desktop/VHDL/vhdl-calculator/div_ob.vhd sub00/vhpl24 1573442259
EN subtractor NULL C:/Users/jeanw/Desktop/VHDL/vhdl-calculator/subtractor.vhd sub00/vhpl14 1573442251
AR comparator_equal behavioral C:/Users/jeanw/Desktop/VHDL/vhdl-calculator/comparator_equal.vhd sub00/vhpl07 1573422786
EN comparator_zero NULL C:/Users/jeanw/Desktop/VHDL/vhdl-calculator/comparator_zero.vhd sub00/vhpl16 1573442255
AR div_ob behavioral C:/Users/jeanw/Desktop/VHDL/vhdl-calculator/div_ob.vhd sub00/vhpl25 1573442204
AR div_cb behavioral C:/Users/jeanw/Desktop/VHDL/vhdl-calculator/div_cb.vhd sub00/vhpl21 1573442258
AR comparator_zero behavioral C:/Users/jeanw/Desktop/VHDL/vhdl-calculator/comparator_zero.vhd sub00/vhpl17 1573442256
AR subtractor behavioral C:/Users/jeanw/Desktop/VHDL/vhdl-calculator/subtractor.vhd sub00/vhpl15 1573442252
AR control_block behavioral C:/Users/jeanw/Desktop/VHDL/alu-csm-pow/control_block.vhd sub00/vhpl11 1573422788
EN comparator_equal NULL C:/Users/jeanw/Desktop/VHDL/vhdl-calculator/comparator_equal.vhd sub00/vhpl06 1573422785
EN div_block NULL C:/Users/jeanw/Desktop/VHDL/vhdl-calculator/div_block.vhd sub00/vhpl18 1573428334
AR adder behavioral C:/Users/jeanw/Desktop/VHDL/vhdl-calculator/adder.vhd sub00/vhpl05 1573442254
EN mux NULL C:/Users/jeanw/Desktop/VHDL/vhdl-calculator/mux.vhd sub00/vhpl22 1573442249
AR mult_block behavioral C:/Users/jeanw/Desktop/VHDL/vhdl-calculator/mult_block.vhd sub00/vhpl09 1573422790
AR div_block behavioral C:/Users/jeanw/Desktop/VHDL/vhdl-calculator/div_block.vhd sub00/vhpl19 1573428335
EN mult_block NULL C:/Users/jeanw/Desktop/VHDL/vhdl-calculator/mult_block.vhd sub00/vhpl08 1573422789
EN reg NULL C:/Users/jeanw/Desktop/VHDL/vhdl-calculator/register.vhd sub00/vhpl00 1573442247
